// Jest Snapshot v1, https://goo.gl/fbAQLP

exports[`Test  <GifItem/> should debe hacer Match con el snapshot  1`] = `
<div>
  <div
    class="card"
  >
    <img
      alt="Saitama"
      src="https://one-punch.com./saitama.jpg"
    />
    <p>
       
      Saitama
       
    </p>
  </div>
</div>
`;
